AR pixel_clock behavioral C:/Users/Sam/Documents/FPGA/vgaPong_v2/pixel_clock.vhd sub00/vhpl01 1377708113
EN vgapong NULL C:/Users/Sam/Documents/FPGA/vgaPong_v2/vgaPong.vhd sub00/vhpl02 1377708114
AR vgapong behavioral C:/Users/Sam/Documents/FPGA/vgaPong_v2/vgaPong.vhd sub00/vhpl03 1377708115
EN pixel_clock NULL C:/Users/Sam/Documents/FPGA/vgaPong_v2/pixel_clock.vhd sub00/vhpl00 1377708112
