V3 13
FL C:/Users/Sam/Documents/FPGA/vgaPong/pixel_clock.vhd 2013/08/27.14:07:39 P.68d
FL C:/Users/Sam/Documents/FPGA/vgaPong/vgaPong.vhd 2013/08/28.02:33:36 P.68d
FL C:/Users/Sam/Documents/FPGA/vgaPong_v2/pixel_clock.vhd 2013/08/27.14:07:39 P.68d
EN work/pixel_clock 1377708112 \
      FL C:/Users/Sam/Documents/FPGA/vgaPong_v2/pixel_clock.vhd \
      PB ieee/std_logic_1164 1370735607 PB ieee/NUMERIC_STD 1370735611 LB UNISIM \
      PH unisim/VCOMPONENTS 1370735613
AR work/pixel_clock/BEHAVIORAL 1377708113 \
      FL C:/Users/Sam/Documents/FPGA/vgaPong_v2/pixel_clock.vhd \
      EN work/pixel_clock 1377708112 CP BUFG CP IBUFG CP DCM_SP
FL C:/Users/Sam/Documents/FPGA/vgaPong_v2/vgaPong.vhd 2013/08/28.12:40:33 P.68d
EN work/vgaPong 1377708114 FL C:/Users/Sam/Documents/FPGA/vgaPong_v2/vgaPong.vhd \
      PB ieee/std_logic_1164 1370735607 PB ieee/STD_LOGIC_UNSIGNED 1370735609
AR work/vgaPong/Behavioral 1377708115 \
      FL C:/Users/Sam/Documents/FPGA/vgaPong_v2/vgaPong.vhd EN work/vgaPong 1377708114 \
      CP pixel_clock
